qemu-system-x86_64: warning: TCG doesn't support requested feature: CPUID.01H:ECX.vmx [bit 5]
Linux version 4.16.7 (uhricek@build-uhricek.int.avast.com) (gcc version 7.3.0 (Buildroot 2018.11)) #1 SMP Mon Apr 15 02:05:46 CEST 2019
Command line: root=/dev/vda console=ttyS0
x86/fpu: x87 FPU will use FXSAVE
e820: BIOS-provided physical RAM map:
BIOS-e820: [mem 0x0000000000000000-0x000000000009fbff] usable
BIOS-e820: [mem 0x000000000009fc00-0x000000000009ffff] reserved
BIOS-e820: [mem 0x00000000000f0000-0x00000000000fffff] reserved
BIOS-e820: [mem 0x0000000000100000-0x0000000007fddfff] usable
BIOS-e820: [mem 0x0000000007fde000-0x0000000007ffffff] reserved
BIOS-e820: [mem 0x00000000fffc0000-0x00000000ffffffff] reserved
NX (Execute Disable) protection: active
SMBIOS 2.8 present.
DMI: QEMU Standard PC (i440FX + PIIX, 1996), BIOS 1.10.2-1ubuntu1 04/01/2014
e820: last_pfn = 0x7fde max_arch_pfn = 0x400000000
x86/PAT: Configuration [0-7]: WB  WC  UC- UC  WB  WP  UC- WT  
found SMP MP-table at [mem 0x000f6a90-0x000f6a9f] mapped at [        (ptrval)]
ACPI: Early table checksum verification disabled
ACPI: RSDP 0x00000000000F68C0 000014 (v00 BOCHS )
ACPI: RSDT 0x0000000007FE15FC 000030 (v01 BOCHS  BXPCRSDT 00000001 BXPC 00000001)
ACPI: FACP 0x0000000007FE1458 000074 (v01 BOCHS  BXPCFACP 00000001 BXPC 00000001)
ACPI: DSDT 0x0000000007FE0040 001418 (v01 BOCHS  BXPCDSDT 00000001 BXPC 00000001)
ACPI: FACS 0x0000000007FE0000 000040
ACPI: APIC 0x0000000007FE154C 000078 (v01 BOCHS  BXPCAPIC 00000001 BXPC 00000001)
ACPI: HPET 0x0000000007FE15C4 000038 (v01 BOCHS  BXPCHPET 00000001 BXPC 00000001)
tsc: Fast TSC calibration using PIT
Zone ranges:
  DMA      [mem 0x0000000000001000-0x0000000000ffffff]
  DMA32    [mem 0x0000000001000000-0x0000000007fddfff]
  Normal   empty
Movable zone start for each node
Early memory node ranges
  node   0: [mem 0x0000000000001000-0x000000000009efff]
  node   0: [mem 0x0000000000100000-0x0000000007fddfff]
Initmem setup node 0 [mem 0x0000000000001000-0x0000000007fddfff]
Reserved but unavailable: 98 pages
ACPI: PM-Timer IO Port: 0x608
ACPI: LAPIC_NMI (acpi_id[0xff] dfl dfl lint[0x1])
IOAPIC[0]: apic_id 0, version 32, address 0xfec00000, GSI 0-23
ACPI: INT_SRC_OVR (bus 0 bus_irq 0 global_irq 2 dfl dfl)
ACPI: INT_SRC_OVR (bus 0 bus_irq 5 global_irq 5 high level)
ACPI: INT_SRC_OVR (bus 0 bus_irq 9 global_irq 9 high level)
ACPI: INT_SRC_OVR (bus 0 bus_irq 10 global_irq 10 high level)
ACPI: INT_SRC_OVR (bus 0 bus_irq 11 global_irq 11 high level)
Using ACPI (MADT) for SMP configuration information
ACPI: HPET id: 0x8086a201 base: 0xfed00000
smpboot: Allowing 1 CPUs, 0 hotplug CPUs
e820: [mem 0x08000000-0xfffbffff] available for PCI devices
Booting paravirtualized kernel on bare hardware
clocksource: refined-jiffies: mask: 0xffffffff max_cycles: 0xffffffff, max_idle_ns: 7645519600211568 ns
random: get_random_bytes called from start_kernel+0x9b/0x3cb with crng_init=0
setup_percpu: NR_CPUS:64 nr_cpumask_bits:64 nr_cpu_ids:1 nr_node_ids:1
percpu: Embedded 42 pages/cpu @        (ptrval) s132056 r8192 d31784 u2097152
Built 1 zonelists, mobility grouping on.  Total pages: 32103
Kernel command line: root=/dev/vda console=ttyS0
Dentry cache hash table entries: 16384 (order: 5, 131072 bytes)
Inode-cache hash table entries: 8192 (order: 4, 65536 bytes)
Memory: 110960K/130544K available (10248K kernel code, 903K rwdata, 1960K rodata, 1256K init, 400K bss, 19584K reserved, 0K cma-reserved)
SLUB: HWalign=64, Order=0-3, MinObjects=0, CPUs=1, Nodes=1
ftrace: allocating 26282 entries in 103 pages
Hierarchical RCU implementation.
	RCU event tracing is enabled.
	RCU restricting CPUs from NR_CPUS=64 to nr_cpu_ids=1.
RCU: Adjusting geometry for rcu_fanout_leaf=16, nr_cpu_ids=1
NR_IRQS: 4352, nr_irqs: 48, preallocated irqs: 16
Console: colour VGA+ 80x25
console [ttyS0] enabled
ACPI: Core revision 20180105
ACPI: 1 ACPI AML tables successfully acquired and loaded
clocksource: hpet: mask: 0xffffffff max_cycles: 0xffffffff, max_idle_ns: 19112604467 ns
APIC: Switch to symmetric I/O mode setup
..TIMER: vector=0x30 apic1=0 pin1=2 apic2=-1 pin2=-1
tsc: Fast TSC calibration using PIT
tsc: Detected 2903.997 MHz processor
clocksource: tsc-early: mask: 0xffffffffffffffff max_cycles: 0x29dc02e6b7f, max_idle_ns: 440795239197 ns
Calibrating delay loop (skipped), value calculated using timer frequency.. 5807.99 BogoMIPS (lpj=11615988)
pid_max: default: 32768 minimum: 301
Mount-cache hash table entries: 512 (order: 0, 4096 bytes)
Mountpoint-cache hash table entries: 512 (order: 0, 4096 bytes)
mce: CPU supports 10 MCE banks
Last level iTLB entries: 4KB 0, 2MB 0, 4MB 0
Last level dTLB entries: 4KB 0, 2MB 0, 4MB 0, 1GB 0
Spectre V2 : Spectre mitigation: LFENCE not serializing, switching to generic retpoline
Spectre V2 : Mitigation: Full generic retpoline
Spectre V2 : Spectre v2 mitigation: Filling RSB on context switch
Freeing SMP alternatives memory: 24K
smpboot: CPU0: AMD QEMU Virtual CPU version 2.5+ (family: 0x6, model: 0x6, stepping: 0x3)
Performance Events: PMU not available due to virtualization, using software events only.
Hierarchical SRCU implementation.
smp: Bringing up secondary CPUs ...
smp: Brought up 1 node, 1 CPU
smpboot: Max logical packages: 1
smpboot: Total of 1 processors activated (5807.99 BogoMIPS)
devtmpfs: initialized
clocksource: jiffies: mask: 0xffffffff max_cycles: 0xffffffff, max_idle_ns: 7645041785100000 ns
futex hash table entries: 256 (order: 2, 16384 bytes)
NET: Registered protocol family 16
cpuidle: using governor ladder
ACPI: bus type PCI registered
PCI: Using configuration type 1 for base access
ACPI: Added _OSI(Module Device)
ACPI: Added _OSI(Processor Device)
ACPI: Added _OSI(3.0 _SCP Extensions)
ACPI: Added _OSI(Processor Aggregator Device)
ACPI: Interpreter enabled
ACPI: (supports S0 S3 S5)
ACPI: Using IOAPIC for interrupt routing
PCI: Using host bridge windows from ACPI; if necessary, use "pci=nocrs" and report a bug
ACPI: Enabled 2 GPEs in block 00 to 0F
ACPI: PCI Root Bridge [PCI0] (domain 0000 [bus 00-ff])
acpi PNP0A03:00: _OSC: OS supports [Segments]
acpi PNP0A03:00: _OSC failed (AE_NOT_FOUND); disabling ASPM
PCI host bridge to bus 0000:00
pci_bus 0000:00: root bus resource [io  0x0000-0x0cf7 window]
pci_bus 0000:00: root bus resource [io  0x0d00-0xffff window]
pci_bus 0000:00: root bus resource [mem 0x000a0000-0x000bffff window]
pci_bus 0000:00: root bus resource [mem 0x08000000-0xfebfffff window]
pci_bus 0000:00: root bus resource [mem 0x100000000-0x17fffffff window]
pci_bus 0000:00: root bus resource [bus 00-ff]
pci 0000:00:01.1: legacy IDE quirk: reg 0x10: [io  0x01f0-0x01f7]
pci 0000:00:01.1: legacy IDE quirk: reg 0x14: [io  0x03f6]
pci 0000:00:01.1: legacy IDE quirk: reg 0x18: [io  0x0170-0x0177]
pci 0000:00:01.1: legacy IDE quirk: reg 0x1c: [io  0x0376]
pci 0000:00:01.3: quirk: [io  0x0600-0x063f] claimed by PIIX4 ACPI
pci 0000:00:01.3: quirk: [io  0x0700-0x070f] claimed by PIIX4 SMB
ACPI: PCI Interrupt Link [LNKA] (IRQs 5 *10 11)
ACPI: PCI Interrupt Link [LNKB] (IRQs 5 *10 11)
ACPI: PCI Interrupt Link [LNKC] (IRQs 5 10 *11)
ACPI: PCI Interrupt Link [LNKD] (IRQs 5 10 *11)
ACPI: PCI Interrupt Link [LNKS] (IRQs *9)
pci 0000:00:02.0: vgaarb: setting as boot VGA device
pci 0000:00:02.0: vgaarb: VGA device added: decodes=io+mem,owns=io+mem,locks=none
pci 0000:00:02.0: vgaarb: bridge control possible
vgaarb: loaded
SCSI subsystem initialized
ACPI: bus type USB registered
usbcore: registered new interface driver usbfs
usbcore: registered new interface driver hub
usbcore: registered new device driver usb
pps_core: LinuxPPS API ver. 1 registered
pps_core: Software ver. 5.3.6 - Copyright 2005-2007 Rodolfo Giometti <giometti@linux.it>
PTP clock support registered
Advanced Linux Sound Architecture Driver Initialized.
PCI: Using ACPI for IRQ routing
clocksource: Switched to clocksource tsc-early
pnp: PnP ACPI init
pnp: PnP ACPI: found 6 devices
clocksource: acpi_pm: mask: 0xffffff max_cycles: 0xffffff, max_idle_ns: 2085701024 ns
NET: Registered protocol family 2
tcp_listen_portaddr_hash hash table entries: 256 (order: 0, 4096 bytes)
TCP established hash table entries: 1024 (order: 1, 8192 bytes)
TCP bind hash table entries: 1024 (order: 2, 16384 bytes)
TCP: Hash tables configured (established 1024 bind 1024)
UDP hash table entries: 256 (order: 1, 8192 bytes)
UDP-Lite hash table entries: 256 (order: 1, 8192 bytes)
NET: Registered protocol family 1
pci 0000:00:00.0: Limiting direct PCI/PCI transfers
pci 0000:00:01.0: PIIX3: Enabling Passive Release
pci 0000:00:01.0: Activating ISA DMA hang workarounds
pci 0000:00:02.0: Video device with shadowed ROM at [mem 0x000c0000-0x000dffff]
workingset: timestamp_bits=62 max_order=15 bucket_order=0
Block layer SCSI generic (bsg) driver version 0.4 loaded (major 252)
io scheduler noop registered
io scheduler deadline registered
io scheduler cfq registered (default)
io scheduler mq-deadline registered
io scheduler kyber registered
input: Power Button as /devices/LNXSYSTM:00/LNXPWRBN:00/input/input0
ACPI: Power Button [PWRF]
PCI Interrupt Link [LNKD] enabled at IRQ 11
Serial: 8250/16550 driver, 4 ports, IRQ sharing disabled
00:05: ttyS0 at I/O 0x3f8 (irq = 4, base_baud = 115200) is a 16550A
[drm] Found bochs VGA, ID 0xb0c0.
[drm] Framebuffer size 16384 kB @ 0xfd000000, mmio @ 0xfebb0000.
[TTM] Zone  kernel: Available graphics memory: 55492 kiB
[TTM] Initializing pool allocator
[TTM] Initializing DMA pool allocator
fbcon: bochsdrmfb (fb0) is primary device
Console: switching to colour frame buffer device 128x48
bochs-drm 0000:00:02.0: fb0: bochsdrmfb frame buffer device
[drm] Initialized bochs-drm 1.0.0 20130925 for 0000:00:02.0 on minor 0
virtio_blk virtio0: [vda] 122880 512-byte logical blocks (62.9 MB/60.0 MiB)
scsi host0: ata_piix
scsi host1: ata_piix
ata1: PATA max MWDMA2 cmd 0x1f0 ctl 0x3f6 bmdma 0xc080 irq 14
ata2: PATA max MWDMA2 cmd 0x170 ctl 0x376 bmdma 0xc088 irq 15
e1000: Intel(R) PRO/1000 Network Driver - version 7.3.21-k8-NAPI
e1000: Copyright (c) 1999-2006 Intel Corporation.
PCI Interrupt Link [LNKC] enabled at IRQ 10
ata2.00: ATAPI: QEMU DVD-ROM, 2.5+, max UDMA/100
ata2.00: configured for MWDMA2
scsi 1:0:0:0: CD-ROM            QEMU     QEMU DVD-ROM     2.5+ PQ: 0 ANSI: 5
e1000 0000:00:03.0 eth0: (PCI:33MHz:32-bit) 52:54:00:12:34:56
e1000 0000:00:03.0 eth0: Intel(R) PRO/1000 Network Connection
ehci_hcd: USB 2.0 'Enhanced' Host Controller (EHCI) Driver
ehci-pci: EHCI PCI platform driver
uhci_hcd: USB Universal Host Controller Interface driver
usbcore: registered new interface driver usb-storage
i8042: PNP: PS/2 Controller [PNP0303:KBD,PNP0f13:MOU] at 0x60,0x64 irq 1,12
serio: i8042 KBD port at 0x60,0x64 irq 1
serio: i8042 AUX port at 0x60,0x64 irq 12
usbcore: registered new interface driver usbhid
usbhid: USB HID core driver
input: AT Translated Set 2 keyboard as /devices/platform/i8042/serio0/input/input1
NET: Registered protocol family 10
Segment Routing with IPv6
sit: IPv6, IPv4 and MPLS over IPv4 tunneling driver
NET: Registered protocol family 17
sched_clock: Marking stable (1364263654, 0)->(1457406040, -93142386)
ALSA device list:
  No soundcards found.
tsc: Refined TSC clocksource calibration: 2903.998 MHz
clocksource: tsc: mask: 0xffffffffffffffff max_cycles: 0x29dc03c1beb, max_idle_ns: 440795205215 ns
clocksource: Switched to clocksource tsc
input: ImExPS/2 Generic Explorer Mouse as /devices/platform/i8042/serio1/input/input3
EXT4-fs (vda): couldn't mount as ext3 due to feature incompatibilities
EXT4-fs (vda): mounting ext2 file system using the ext4 subsystem
EXT4-fs (vda): mounted filesystem without journal. Opts: (null)
VFS: Mounted root (ext2 filesystem) readonly on device 254:0.
devtmpfs: mounted
Freeing unused kernel memory: 1256K
Write protecting the kernel read-only data: 14336k
Freeing unused kernel memory: 2024K
Freeing unused kernel memory: 88K
random: fast init done
EXT4-fs (vda): re-mounted. Opts: block_validity,barrier,user_xattr
Starting logging: OK
Initializing random number generator... random: dd: uninitialized urandom read (512 bytes read)
done.
Starting network: IPv6: ADDRCONF(NETDEV_UP): eth0: link is not ready
e1000: eth0 NIC Link is Up 1000 Mbps Full Duplex, Flow Control: RX
IPv6: ADDRCONF(NETDEV_CHANGE): eth0: link becomes ready
udhcpc: started, v1.29.3
udhcpc: sending discover
udhcpc: sending select for 10.0.2.15
udhcpc: lease of 10.0.2.15 obtained, lease time 86400
deleting routers
adding dns 10.0.2.3
OK
random: ssh-keygen: uninitialized urandom read (32 bytes read)
Starting sshd: random: sshd: uninitialized urandom read (32 bytes read)
OK

Welcome to LiSa [Linux Sandbox] - Daniel Uhricek (c) 2019.
lisa-x86_64 login: root
root
Password: root

# /root/agent sample64.packed 3
/root/agent sample64.packed 3
Shitt
Child pid: 104
Everything is fine
[+] Attempting to dump ELF image at 0x400000
[*] Fixing ELF header
[0;32m[+] ELF image sucessfully dumped[0m
[!] Error reading memory at 0x4b6000, ffffffffffffffff
[!] Error reading memory at 0x7ffe48b31000, ffffffffffffffff
# poweroff
